The URL to the repository is

https://github.com/Delegateone/David-Assignment

The commands were

> mkdir assignment
> cd assignment
> git init

Initialized empty Git repository in C:/Users/training/GIT/assignment/.git/

> git config user.name "Delegateone"
> git config user.email "studentone448@gmail.com"
> git config --list

diff.astextplain.textconv=astextplain
filter.lfs.clean=git-lfs clean -- %f
filter.lfs.smudge=git-lfs smudge -- %f
filter.lfs.process=git-lfs filter-process
filter.lfs.required=true
http.sslbackend=openssl
http.sslcainfo=C:/Program Files/Git/mingw64/ssl/certs/ca-bundle.crt
core.autocrlf=true
core.fscache=true
core.symlinks=false
pull.rebase=false
credential.helper=manager-core
credential.https://dev.azure.com.usehttppath=true
init.defaultbranch=master
user.email=studentone448@gmail.com
core.repositoryformatversion=0
core.filemode=false
core.bare=false
core.logallrefupdates=true
core.symlinks=false
core.ignorecase=true
user.name=Delegateone
user.email=studentone448@gmail.com

> git status

On branch master

No commits yet

Untracked files:
  (use "git add <file>..." to include in what will be committed)
        file1.txt

nothing added to commit but untracked files present (use "git add" to track)

> git add file1.txt
> git commit -m "This is the first file"

[master (root-commit) 387bc5c] This is the first file
 1 file changed, 1 insertion(+)
 create mode 100644 file1.txt

> git checkout -b feature

Switched to a new branch 'feature'

> git add file2.txt
> git commit -m "This is the second file"

[feature 2fcb457] This is the second file
 1 file changed, 1 insertion(+)
 create mode 100644 file2.txt

> git checkout master

Switched to branch 'master'

> git merge feature

Updating 387bc5c..2fcb457
Fast-forward
 file2.txt | 1 +
 1 file changed, 1 insertion(+)
 create mode 100644 file2.txt

> git commit -m "Change to first file"

On branch master
Changes not staged for commit:
  (use "git add <file>..." to update what will be committed)
  (use "git restore <file>..." to discard changes in working directory)
        modified:   file1.txt

no changes added to commit (use "git add" and/or "git commit -a")

> git commit -m "Change to first file"

On branch master
Changes not staged for commit:
  (use "git add <file>..." to update what will be committed)
  (use "git restore <file>..." to discard changes in working directory)
        modified:   file1.txt

no changes added to commit (use "git add" and/or "git commit -a")

> git commit -a -m "Change to first file"

[master 0818700] Change to first file
 1 file changed, 2 insertions(+), 1 deletion(-)

> git checkout feature

Switched to branch 'feature'

> git commit -a -m "Change to first file"

[feature 9065998] Change to first file
 1 file changed, 2 insertions(+), 1 deletion(-)

> git commit -m "Change to first file"

On branch feature
nothing to commit, working tree clean

> git checkout master

Switched to branch 'master'

> git merge feature

Auto-merging file1.txt
CONFLICT (content): Merge conflict in file1.txt
Automatic merge failed; fix conflicts and then commit the result.

> git add file1.txt
> git commit -m "Merge feature branch and resolve conflicts"

[master c6d7e88] Merge feature branch and resolve conflicts

> git remote add origin https://github.com/Delegateone/David-Assignment.git
> git remote set-url origin https://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@github.com/Delegateone/David-Assignment.git
> git push origin master

Enumerating objects: 15, done.
Counting objects: 100% (15/15), done.
Delta compression using up to 6 threads
Compressing objects: 100% (10/10), done.
Writing objects: 100% (15/15), 1.29 KiB | 440.00 KiB/s, done.
Total 15 (delta 1), reused 0 (delta 0), pack-reused 0
remote: Resolving deltas: 100% (1/1), done.
To https://github.com/Delegateone/David-Assignment.git
 * [new branch]      master -> master

> cd ..
> cd assignment2
> git clone https://github.com/Delegateone/David-Assignment.git

Cloning into 'David-Assignment'...
remote: Enumerating objects: 15, done.
remote: Counting objects: 100% (15/15), done.
remote: Compressing objects: 100% (9/9), done.
remote: Total 15 (delta 1), reused 15 (delta 1), pack-reused 0
Receiving objects: 100% (15/15), done.
Resolving deltas: 100% (1/1), done.

